// Jest Snapshot v1, https://goo.gl/fbAQLP

exports[`Custom Matchers 1`] = `
[MockFunction] {
  "calls": Array [
    Array [
      1,
      2,
    ],
    Array [
      5,
      8,
    ],
    Array [
      2,
      3,
    ],
  ],
}
`;
